// Jest Snapshot v1, https://goo.gl/fbAQLP

exports[`CustomForm selected comments component test 1`] = `
.c0 {
  display: -webkit-box;
  display: -webkit-flex;
  display: -ms-flexbox;
  display: flex;
  -webkit-flex-direction: column;
  -ms-flex-direction: column;
  flex-direction: column;
  -webkit-box-pack: center;
  -webkit-justify-content: center;
  -ms-flex-pack: center;
  justify-content: center;
  -webkit-align-items: center;
  -webkit-box-align: center;
  -ms-flex-align: center;
  align-items: center;
}

.c2 {
  line-height: 2;
  text-align: left;
  display: block;
  margin-bottom: 13px;
  margin-top: 20px;
  color: black;
  font-size: 14px;
  font-weight: 200;
}

.c3 {
  background: #2196f3;
  color: white;
  text-transform: uppercase;
  border: none;
  margin-top: 40px;
  padding: 20px;
  font-size: 16px;
  font-weight: 100;
  -webkit-letter-spacing: 10px;
  -moz-letter-spacing: 10px;
  -ms-letter-spacing: 10px;
  letter-spacing: 10px;
}

.c1 {
  width: 500px;
}

<form
  className="c0"
  onSubmit={[Function]}
>
  <div
    className="c1"
  >
    <label
      className="c2"
    >
      Name
    </label>
    <div
      className="MuiInputBase-root MuiInput-root MuiInput-underline controller"
      onClick={[Function]}
    >
      <input
        className="MuiInputBase-input MuiInput-input"
        onAnimationStart={[Function]}
        onBlur={[Function]}
        onChange={[Function]}
        onFocus={[Function]}
        type="text"
        value=""
      />
    </div>
  </div>
  <div
    className="c1"
  >
    <label
      className="c2"
    >
      Email
    </label>
    <div
      className="MuiInputBase-root MuiInput-root MuiInput-underline controller"
      onClick={[Function]}
    >
      <input
        className="MuiInputBase-input MuiInput-input"
        onAnimationStart={[Function]}
        onBlur={[Function]}
        onChange={[Function]}
        onFocus={[Function]}
        type="text"
        value=""
      />
    </div>
  </div>
  <div
    className="c1"
  >
    <label
      className="c2"
    >
      Text
    </label>
    <div
      className="MuiInputBase-root MuiInput-root MuiInput-underline controller"
      onClick={[Function]}
    >
      <input
        className="MuiInputBase-input MuiInput-input"
        onAnimationStart={[Function]}
        onBlur={[Function]}
        onChange={[Function]}
        onFocus={[Function]}
        type="text"
        value=""
      />
    </div>
  </div>
  <input
    className="c3"
    type="submit"
    value="Add New Comment"
  />
</form>
`;
